// Jest Snapshot v1, https://goo.gl/fbAQLP

exports[`should render entire content of container renders each presentational component within the method container 1`] = `[Function]`;
