// Jest Snapshot v1, https://goo.gl/fbAQLP

exports[`renders form/controls should display all inputs and button 1`] = `[Function]`;
