// Jest Snapshot v1, https://goo.gl/fbAQLP

exports[`renders content component should display figure with React-Json viewer 1`] = `[Function]`;
